// Jest Snapshot v1, https://goo.gl/fbAQLP

exports[`Component: ImgCover renders correctly 1`] = `
ShallowWrapper {
  "length": 1,
  Symbol(enzyme.__root__): [Circular],
  Symbol(enzyme.__unrendered__): <ImgCover />,
  Symbol(enzyme.__renderer__): Object {
    "batchedUpdates": [Function],
    "getNode": [Function],
    "render": [Function],
    "simulateEvent": [Function],
    "unmount": [Function],
  },
  Symbol(enzyme.__node__): Object {
    "instance": null,
    "key": undefined,
    "nodeType": "host",
    "props": Object {
      "children": Array [
        <div
          style={
            Object {
              "backgroundImage": "url()",
              "backgroundPosition": "center",
              "backgroundRepeat": "no-repeat",
              "backgroundSize": "cover",
              "borderRadius": undefined,
              "height": undefined,
              "width": undefined,
            }
          }
        />,
        <div
          style={
            Object {
              "alignItems": "center",
              "color": "#cacecd",
              "display": "flex",
              "fontWeight": 100,
              "height": "100px",
              "justifyContent": "center",
              "position": "relative",
              "width": "100%",
            }
          }
        >
          <div
            style={
              Object {
                "alignItems": "center",
                "display": "flex",
                "flexDirection": "column",
              }
            }
          >
            <ImageImage
              style={
                Object {
                  "fill": "aliceblue",
                  "height": "50px",
                  "width": "50px",
                }
              }
            />
            <div>
              Image has not loaded
            </div>
          </div>
        </div>,
        <img
          onLoad={[Function]}
          src=""
          style={
            Object {
              "display": "none",
            }
          }
        />,
      ],
    },
    "ref": null,
    "rendered": Array [
      Object {
        "instance": null,
        "key": undefined,
        "nodeType": "host",
        "props": Object {
          "children": undefined,
          "style": Object {
            "backgroundImage": "url()",
            "backgroundPosition": "center",
            "backgroundRepeat": "no-repeat",
            "backgroundSize": "cover",
            "borderRadius": undefined,
            "height": undefined,
            "width": undefined,
          },
        },
        "ref": null,
        "rendered": null,
        "type": "div",
      },
      Object {
        "instance": null,
        "key": undefined,
        "nodeType": "host",
        "props": Object {
          "children": <div
            style={
              Object {
                "alignItems": "center",
                "display": "flex",
                "flexDirection": "column",
              }
            }
          >
            <ImageImage
              style={
                Object {
                  "fill": "aliceblue",
                  "height": "50px",
                  "width": "50px",
                }
              }
            />
            <div>
              Image has not loaded
            </div>
          </div>,
          "style": Object {
            "alignItems": "center",
            "color": "#cacecd",
            "display": "flex",
            "fontWeight": 100,
            "height": "100px",
            "justifyContent": "center",
            "position": "relative",
            "width": "100%",
          },
        },
        "ref": null,
        "rendered": Object {
          "instance": null,
          "key": undefined,
          "nodeType": "host",
          "props": Object {
            "children": Array [
              <ImageImage
                style={
                  Object {
                    "fill": "aliceblue",
                    "height": "50px",
                    "width": "50px",
                  }
                }
              />,
              <div>
                Image has not loaded
              </div>,
            ],
            "style": Object {
              "alignItems": "center",
              "display": "flex",
              "flexDirection": "column",
            },
          },
          "ref": null,
          "rendered": Array [
            Object {
              "instance": null,
              "key": undefined,
              "nodeType": "class",
              "props": Object {
                "style": Object {
                  "fill": "aliceblue",
                  "height": "50px",
                  "width": "50px",
                },
              },
              "ref": null,
              "rendered": null,
              "type": [Function],
            },
            Object {
              "instance": null,
              "key": undefined,
              "nodeType": "host",
              "props": Object {
                "children": "Image has not loaded",
              },
              "ref": null,
              "rendered": "Image has not loaded",
              "type": "div",
            },
          ],
          "type": "div",
        },
        "type": "div",
      },
      Object {
        "instance": null,
        "key": undefined,
        "nodeType": "host",
        "props": Object {
          "onLoad": [Function],
          "src": "",
          "style": Object {
            "display": "none",
          },
        },
        "ref": null,
        "rendered": null,
        "type": "img",
      },
    ],
    "type": "div",
  },
  Symbol(enzyme.__nodes__): Array [
    Object {
      "instance": null,
      "key": undefined,
      "nodeType": "host",
      "props": Object {
        "children": Array [
          <div
            style={
              Object {
                "backgroundImage": "url()",
                "backgroundPosition": "center",
                "backgroundRepeat": "no-repeat",
                "backgroundSize": "cover",
                "borderRadius": undefined,
                "height": undefined,
                "width": undefined,
              }
            }
          />,
          <div
            style={
              Object {
                "alignItems": "center",
                "color": "#cacecd",
                "display": "flex",
                "fontWeight": 100,
                "height": "100px",
                "justifyContent": "center",
                "position": "relative",
                "width": "100%",
              }
            }
          >
            <div
              style={
                Object {
                  "alignItems": "center",
                  "display": "flex",
                  "flexDirection": "column",
                }
              }
            >
              <ImageImage
                style={
                  Object {
                    "fill": "aliceblue",
                    "height": "50px",
                    "width": "50px",
                  }
                }
              />
              <div>
                Image has not loaded
              </div>
            </div>
          </div>,
          <img
            onLoad={[Function]}
            src=""
            style={
              Object {
                "display": "none",
              }
            }
          />,
        ],
      },
      "ref": null,
      "rendered": Array [
        Object {
          "instance": null,
          "key": undefined,
          "nodeType": "host",
          "props": Object {
            "children": undefined,
            "style": Object {
              "backgroundImage": "url()",
              "backgroundPosition": "center",
              "backgroundRepeat": "no-repeat",
              "backgroundSize": "cover",
              "borderRadius": undefined,
              "height": undefined,
              "width": undefined,
            },
          },
          "ref": null,
          "rendered": null,
          "type": "div",
        },
        Object {
          "instance": null,
          "key": undefined,
          "nodeType": "host",
          "props": Object {
            "children": <div
              style={
                Object {
                  "alignItems": "center",
                  "display": "flex",
                  "flexDirection": "column",
                }
              }
            >
              <ImageImage
                style={
                  Object {
                    "fill": "aliceblue",
                    "height": "50px",
                    "width": "50px",
                  }
                }
              />
              <div>
                Image has not loaded
              </div>
            </div>,
            "style": Object {
              "alignItems": "center",
              "color": "#cacecd",
              "display": "flex",
              "fontWeight": 100,
              "height": "100px",
              "justifyContent": "center",
              "position": "relative",
              "width": "100%",
            },
          },
          "ref": null,
          "rendered": Object {
            "instance": null,
            "key": undefined,
            "nodeType": "host",
            "props": Object {
              "children": Array [
                <ImageImage
                  style={
                    Object {
                      "fill": "aliceblue",
                      "height": "50px",
                      "width": "50px",
                    }
                  }
                />,
                <div>
                  Image has not loaded
                </div>,
              ],
              "style": Object {
                "alignItems": "center",
                "display": "flex",
                "flexDirection": "column",
              },
            },
            "ref": null,
            "rendered": Array [
              Object {
                "instance": null,
                "key": undefined,
                "nodeType": "class",
                "props": Object {
                  "style": Object {
                    "fill": "aliceblue",
                    "height": "50px",
                    "width": "50px",
                  },
                },
                "ref": null,
                "rendered": null,
                "type": [Function],
              },
              Object {
                "instance": null,
                "key": undefined,
                "nodeType": "host",
                "props": Object {
                  "children": "Image has not loaded",
                },
                "ref": null,
                "rendered": "Image has not loaded",
                "type": "div",
              },
            ],
            "type": "div",
          },
          "type": "div",
        },
        Object {
          "instance": null,
          "key": undefined,
          "nodeType": "host",
          "props": Object {
            "onLoad": [Function],
            "src": "",
            "style": Object {
              "display": "none",
            },
          },
          "ref": null,
          "rendered": null,
          "type": "img",
        },
      ],
      "type": "div",
    },
  ],
  Symbol(enzyme.__options__): Object {
    "adapter": ReactSixteenAdapter {
      "options": Object {
        "enableComponentDidUpdateOnSetState": true,
      },
    },
  },
}
`;
