// Jest Snapshot v1, https://goo.gl/fbAQLP

exports[`Component: Profile renders correctly 1`] = `
ShallowWrapper {
  "length": 1,
  Symbol(enzyme.__root__): [Circular],
  Symbol(enzyme.__unrendered__): <Profile
    loadPosts={[Function]}
    loadUserInfo={[Function]}
  />,
  Symbol(enzyme.__renderer__): Object {
    "batchedUpdates": [Function],
    "getNode": [Function],
    "render": [Function],
    "simulateEvent": [Function],
    "unmount": [Function],
  },
  Symbol(enzyme.__node__): Object {
    "instance": null,
    "key": undefined,
    "nodeType": "host",
    "props": Object {
      "children": Array [
        <div>
          <Connect(ProfileHead)
            avatar={undefined}
            banner={undefined}
            followerCount={0}
            fullName={undefined}
            isAuthedUser={undefined}
            userId={undefined}
          />
        </div>,
        <div
          className="profile__title"
        >
          Nothing shared
        </div>,
      ],
      "style": Object {
        "margin": "0 auto",
        "width": "90%",
      },
    },
    "ref": null,
    "rendered": Array [
      Object {
        "instance": null,
        "key": undefined,
        "nodeType": "host",
        "props": Object {
          "children": <Connect(ProfileHead)
            avatar={undefined}
            banner={undefined}
            followerCount={0}
            fullName={undefined}
            isAuthedUser={undefined}
            userId={undefined}
          />,
        },
        "ref": null,
        "rendered": Object {
          "instance": null,
          "key": undefined,
          "nodeType": "class",
          "props": Object {
            "avatar": undefined,
            "banner": undefined,
            "followerCount": 0,
            "fullName": undefined,
            "isAuthedUser": undefined,
            "userId": undefined,
          },
          "ref": null,
          "rendered": null,
          "type": [Function],
        },
        "type": "div",
      },
      Object {
        "instance": null,
        "key": undefined,
        "nodeType": "host",
        "props": Object {
          "children": "Nothing shared",
          "className": "profile__title",
        },
        "ref": null,
        "rendered": "Nothing shared",
        "type": "div",
      },
    ],
    "type": "div",
  },
  Symbol(enzyme.__nodes__): Array [
    Object {
      "instance": null,
      "key": undefined,
      "nodeType": "host",
      "props": Object {
        "children": Array [
          <div>
            <Connect(ProfileHead)
              avatar={undefined}
              banner={undefined}
              followerCount={0}
              fullName={undefined}
              isAuthedUser={undefined}
              userId={undefined}
            />
          </div>,
          <div
            className="profile__title"
          >
            Nothing shared
          </div>,
        ],
        "style": Object {
          "margin": "0 auto",
          "width": "90%",
        },
      },
      "ref": null,
      "rendered": Array [
        Object {
          "instance": null,
          "key": undefined,
          "nodeType": "host",
          "props": Object {
            "children": <Connect(ProfileHead)
              avatar={undefined}
              banner={undefined}
              followerCount={0}
              fullName={undefined}
              isAuthedUser={undefined}
              userId={undefined}
            />,
          },
          "ref": null,
          "rendered": Object {
            "instance": null,
            "key": undefined,
            "nodeType": "class",
            "props": Object {
              "avatar": undefined,
              "banner": undefined,
              "followerCount": 0,
              "fullName": undefined,
              "isAuthedUser": undefined,
              "userId": undefined,
            },
            "ref": null,
            "rendered": null,
            "type": [Function],
          },
          "type": "div",
        },
        Object {
          "instance": null,
          "key": undefined,
          "nodeType": "host",
          "props": Object {
            "children": "Nothing shared",
            "className": "profile__title",
          },
          "ref": null,
          "rendered": "Nothing shared",
          "type": "div",
        },
      ],
      "type": "div",
    },
  ],
  Symbol(enzyme.__options__): Object {
    "adapter": ReactSixteenAdapter {
      "options": Object {
        "enableComponentDidUpdateOnSetState": true,
      },
    },
  },
}
`;
