// Jest Snapshot v1, https://goo.gl/fbAQLP

exports[`Component: Settings renders correctly 1`] = `
ShallowWrapper {
  "length": 1,
  Symbol(enzyme.__root__): [Circular],
  Symbol(enzyme.__unrendered__): <Settings />,
  Symbol(enzyme.__renderer__): Object {
    "batchedUpdates": [Function],
    "getNode": [Function],
    "render": [Function],
    "simulateEvent": [Function],
    "unmount": [Function],
  },
  Symbol(enzyme.__node__): Object {
    "instance": null,
    "key": undefined,
    "nodeType": "host",
    "props": Object {
      "children": <div
        style={
          Object {
            "backgroundColor": "white",
            "borderRadius": "10px",
            "textAlign": "center",
            "width": "450px",
          }
        }
      >
        <h1>
          Change Password
        </h1>
        <TextField
          disabled={false}
          errorText=""
          floatingLabelFixed={false}
          floatingLabelStyle={
            Object {
              "fontSize": "15px",
            }
          }
          floatingLabelText="New password"
          fullWidth={false}
          multiLine={false}
          name="passwordInput"
          onChange={[Function]}
          rows={1}
          type="password"
          underlineShow={true}
        />
        <br />
        <TextField
          disabled={false}
          errorText=""
          floatingLabelFixed={false}
          floatingLabelStyle={
            Object {
              "fontSize": "15px",
            }
          }
          floatingLabelText="Confirm password"
          fullWidth={false}
          multiLine={false}
          name="confirmInput"
          onChange={[Function]}
          rows={1}
          type="password"
          underlineShow={true}
        />
        <br />
        <br />
        <div
          className="settings__button-box"
          style={
            Object {
              "display": "flex",
              "flexDirection": "row",
              "width": "100%",
            }
          }
        >
          <div
            label="Home"
            onClick={undefined}
            style={
              Object {
                "alignItems": "center",
                "backgroundColor": "#5574F7",
                "borderRadius": "0 0 0 10px",
                "color": "white",
                "cursor": "pointer",
                "display": "flex",
                "height": "50px",
                "justifyContent": "center",
                "outline": "none",
                "padding": "0 15px 0 15px",
                "width": "49%",
              }
            }
          >
            Home
          </div>
          <div
            label="Change password"
            onClick={[Function]}
            style={
              Object {
                "alignItems": "center",
                "backgroundColor": "#5574F7",
                "borderRadius": "0 0 10px 0",
                "color": "white",
                "cursor": "pointer",
                "display": "flex",
                "height": "50px",
                "justifyContent": "center",
                "outline": "none",
                "padding": "0 15px 0 15px",
                "width": "50%",
              }
            }
          >
            Change password
          </div>
        </div>
      </div>,
      "style": Object {
        "alignItems": "center",
        "display": "flex",
        "height": "100vh",
        "justifyContent": "center",
        "width": "100vw",
      },
    },
    "ref": null,
    "rendered": Object {
      "instance": null,
      "key": undefined,
      "nodeType": "host",
      "props": Object {
        "children": Array [
          <h1>
            Change Password
          </h1>,
          <TextField
            disabled={false}
            errorText=""
            floatingLabelFixed={false}
            floatingLabelStyle={
              Object {
                "fontSize": "15px",
              }
            }
            floatingLabelText="New password"
            fullWidth={false}
            multiLine={false}
            name="passwordInput"
            onChange={[Function]}
            rows={1}
            type="password"
            underlineShow={true}
          />,
          <br />,
          <TextField
            disabled={false}
            errorText=""
            floatingLabelFixed={false}
            floatingLabelStyle={
              Object {
                "fontSize": "15px",
              }
            }
            floatingLabelText="Confirm password"
            fullWidth={false}
            multiLine={false}
            name="confirmInput"
            onChange={[Function]}
            rows={1}
            type="password"
            underlineShow={true}
          />,
          <br />,
          <br />,
          <div
            className="settings__button-box"
            style={
              Object {
                "display": "flex",
                "flexDirection": "row",
                "width": "100%",
              }
            }
          >
            <div
              label="Home"
              onClick={undefined}
              style={
                Object {
                  "alignItems": "center",
                  "backgroundColor": "#5574F7",
                  "borderRadius": "0 0 0 10px",
                  "color": "white",
                  "cursor": "pointer",
                  "display": "flex",
                  "height": "50px",
                  "justifyContent": "center",
                  "outline": "none",
                  "padding": "0 15px 0 15px",
                  "width": "49%",
                }
              }
            >
              Home
            </div>
            <div
              label="Change password"
              onClick={[Function]}
              style={
                Object {
                  "alignItems": "center",
                  "backgroundColor": "#5574F7",
                  "borderRadius": "0 0 10px 0",
                  "color": "white",
                  "cursor": "pointer",
                  "display": "flex",
                  "height": "50px",
                  "justifyContent": "center",
                  "outline": "none",
                  "padding": "0 15px 0 15px",
                  "width": "50%",
                }
              }
            >
              Change password
            </div>
          </div>,
        ],
        "style": Object {
          "backgroundColor": "white",
          "borderRadius": "10px",
          "textAlign": "center",
          "width": "450px",
        },
      },
      "ref": null,
      "rendered": Array [
        Object {
          "instance": null,
          "key": undefined,
          "nodeType": "host",
          "props": Object {
            "children": "Change Password",
          },
          "ref": null,
          "rendered": "Change Password",
          "type": "h1",
        },
        Object {
          "instance": null,
          "key": undefined,
          "nodeType": "class",
          "props": Object {
            "disabled": false,
            "errorText": "",
            "floatingLabelFixed": false,
            "floatingLabelStyle": Object {
              "fontSize": "15px",
            },
            "floatingLabelText": "New password",
            "fullWidth": false,
            "multiLine": false,
            "name": "passwordInput",
            "onChange": [Function],
            "rows": 1,
            "type": "password",
            "underlineShow": true,
          },
          "ref": null,
          "rendered": null,
          "type": [Function],
        },
        Object {
          "instance": null,
          "key": undefined,
          "nodeType": "host",
          "props": Object {},
          "ref": null,
          "rendered": null,
          "type": "br",
        },
        Object {
          "instance": null,
          "key": undefined,
          "nodeType": "class",
          "props": Object {
            "disabled": false,
            "errorText": "",
            "floatingLabelFixed": false,
            "floatingLabelStyle": Object {
              "fontSize": "15px",
            },
            "floatingLabelText": "Confirm password",
            "fullWidth": false,
            "multiLine": false,
            "name": "confirmInput",
            "onChange": [Function],
            "rows": 1,
            "type": "password",
            "underlineShow": true,
          },
          "ref": null,
          "rendered": null,
          "type": [Function],
        },
        Object {
          "instance": null,
          "key": undefined,
          "nodeType": "host",
          "props": Object {},
          "ref": null,
          "rendered": null,
          "type": "br",
        },
        Object {
          "instance": null,
          "key": undefined,
          "nodeType": "host",
          "props": Object {},
          "ref": null,
          "rendered": null,
          "type": "br",
        },
        Object {
          "instance": null,
          "key": undefined,
          "nodeType": "host",
          "props": Object {
            "children": Array [
              <div
                label="Home"
                onClick={undefined}
                style={
                  Object {
                    "alignItems": "center",
                    "backgroundColor": "#5574F7",
                    "borderRadius": "0 0 0 10px",
                    "color": "white",
                    "cursor": "pointer",
                    "display": "flex",
                    "height": "50px",
                    "justifyContent": "center",
                    "outline": "none",
                    "padding": "0 15px 0 15px",
                    "width": "49%",
                  }
                }
              >
                Home
              </div>,
              <div
                label="Change password"
                onClick={[Function]}
                style={
                  Object {
                    "alignItems": "center",
                    "backgroundColor": "#5574F7",
                    "borderRadius": "0 0 10px 0",
                    "color": "white",
                    "cursor": "pointer",
                    "display": "flex",
                    "height": "50px",
                    "justifyContent": "center",
                    "outline": "none",
                    "padding": "0 15px 0 15px",
                    "width": "50%",
                  }
                }
              >
                Change password
              </div>,
            ],
            "className": "settings__button-box",
            "style": Object {
              "display": "flex",
              "flexDirection": "row",
              "width": "100%",
            },
          },
          "ref": null,
          "rendered": Array [
            Object {
              "instance": null,
              "key": undefined,
              "nodeType": "host",
              "props": Object {
                "children": "Home",
                "label": "Home",
                "onClick": undefined,
                "style": Object {
                  "alignItems": "center",
                  "backgroundColor": "#5574F7",
                  "borderRadius": "0 0 0 10px",
                  "color": "white",
                  "cursor": "pointer",
                  "display": "flex",
                  "height": "50px",
                  "justifyContent": "center",
                  "outline": "none",
                  "padding": "0 15px 0 15px",
                  "width": "49%",
                },
              },
              "ref": null,
              "rendered": "Home",
              "type": "div",
            },
            Object {
              "instance": null,
              "key": undefined,
              "nodeType": "host",
              "props": Object {
                "children": "Change password",
                "label": "Change password",
                "onClick": [Function],
                "style": Object {
                  "alignItems": "center",
                  "backgroundColor": "#5574F7",
                  "borderRadius": "0 0 10px 0",
                  "color": "white",
                  "cursor": "pointer",
                  "display": "flex",
                  "height": "50px",
                  "justifyContent": "center",
                  "outline": "none",
                  "padding": "0 15px 0 15px",
                  "width": "50%",
                },
              },
              "ref": null,
              "rendered": "Change password",
              "type": "div",
            },
          ],
          "type": "div",
        },
      ],
      "type": "div",
    },
    "type": "form",
  },
  Symbol(enzyme.__nodes__): Array [
    Object {
      "instance": null,
      "key": undefined,
      "nodeType": "host",
      "props": Object {
        "children": <div
          style={
            Object {
              "backgroundColor": "white",
              "borderRadius": "10px",
              "textAlign": "center",
              "width": "450px",
            }
          }
        >
          <h1>
            Change Password
          </h1>
          <TextField
            disabled={false}
            errorText=""
            floatingLabelFixed={false}
            floatingLabelStyle={
              Object {
                "fontSize": "15px",
              }
            }
            floatingLabelText="New password"
            fullWidth={false}
            multiLine={false}
            name="passwordInput"
            onChange={[Function]}
            rows={1}
            type="password"
            underlineShow={true}
          />
          <br />
          <TextField
            disabled={false}
            errorText=""
            floatingLabelFixed={false}
            floatingLabelStyle={
              Object {
                "fontSize": "15px",
              }
            }
            floatingLabelText="Confirm password"
            fullWidth={false}
            multiLine={false}
            name="confirmInput"
            onChange={[Function]}
            rows={1}
            type="password"
            underlineShow={true}
          />
          <br />
          <br />
          <div
            className="settings__button-box"
            style={
              Object {
                "display": "flex",
                "flexDirection": "row",
                "width": "100%",
              }
            }
          >
            <div
              label="Home"
              onClick={undefined}
              style={
                Object {
                  "alignItems": "center",
                  "backgroundColor": "#5574F7",
                  "borderRadius": "0 0 0 10px",
                  "color": "white",
                  "cursor": "pointer",
                  "display": "flex",
                  "height": "50px",
                  "justifyContent": "center",
                  "outline": "none",
                  "padding": "0 15px 0 15px",
                  "width": "49%",
                }
              }
            >
              Home
            </div>
            <div
              label="Change password"
              onClick={[Function]}
              style={
                Object {
                  "alignItems": "center",
                  "backgroundColor": "#5574F7",
                  "borderRadius": "0 0 10px 0",
                  "color": "white",
                  "cursor": "pointer",
                  "display": "flex",
                  "height": "50px",
                  "justifyContent": "center",
                  "outline": "none",
                  "padding": "0 15px 0 15px",
                  "width": "50%",
                }
              }
            >
              Change password
            </div>
          </div>
        </div>,
        "style": Object {
          "alignItems": "center",
          "display": "flex",
          "height": "100vh",
          "justifyContent": "center",
          "width": "100vw",
        },
      },
      "ref": null,
      "rendered": Object {
        "instance": null,
        "key": undefined,
        "nodeType": "host",
        "props": Object {
          "children": Array [
            <h1>
              Change Password
            </h1>,
            <TextField
              disabled={false}
              errorText=""
              floatingLabelFixed={false}
              floatingLabelStyle={
                Object {
                  "fontSize": "15px",
                }
              }
              floatingLabelText="New password"
              fullWidth={false}
              multiLine={false}
              name="passwordInput"
              onChange={[Function]}
              rows={1}
              type="password"
              underlineShow={true}
            />,
            <br />,
            <TextField
              disabled={false}
              errorText=""
              floatingLabelFixed={false}
              floatingLabelStyle={
                Object {
                  "fontSize": "15px",
                }
              }
              floatingLabelText="Confirm password"
              fullWidth={false}
              multiLine={false}
              name="confirmInput"
              onChange={[Function]}
              rows={1}
              type="password"
              underlineShow={true}
            />,
            <br />,
            <br />,
            <div
              className="settings__button-box"
              style={
                Object {
                  "display": "flex",
                  "flexDirection": "row",
                  "width": "100%",
                }
              }
            >
              <div
                label="Home"
                onClick={undefined}
                style={
                  Object {
                    "alignItems": "center",
                    "backgroundColor": "#5574F7",
                    "borderRadius": "0 0 0 10px",
                    "color": "white",
                    "cursor": "pointer",
                    "display": "flex",
                    "height": "50px",
                    "justifyContent": "center",
                    "outline": "none",
                    "padding": "0 15px 0 15px",
                    "width": "49%",
                  }
                }
              >
                Home
              </div>
              <div
                label="Change password"
                onClick={[Function]}
                style={
                  Object {
                    "alignItems": "center",
                    "backgroundColor": "#5574F7",
                    "borderRadius": "0 0 10px 0",
                    "color": "white",
                    "cursor": "pointer",
                    "display": "flex",
                    "height": "50px",
                    "justifyContent": "center",
                    "outline": "none",
                    "padding": "0 15px 0 15px",
                    "width": "50%",
                  }
                }
              >
                Change password
              </div>
            </div>,
          ],
          "style": Object {
            "backgroundColor": "white",
            "borderRadius": "10px",
            "textAlign": "center",
            "width": "450px",
          },
        },
        "ref": null,
        "rendered": Array [
          Object {
            "instance": null,
            "key": undefined,
            "nodeType": "host",
            "props": Object {
              "children": "Change Password",
            },
            "ref": null,
            "rendered": "Change Password",
            "type": "h1",
          },
          Object {
            "instance": null,
            "key": undefined,
            "nodeType": "class",
            "props": Object {
              "disabled": false,
              "errorText": "",
              "floatingLabelFixed": false,
              "floatingLabelStyle": Object {
                "fontSize": "15px",
              },
              "floatingLabelText": "New password",
              "fullWidth": false,
              "multiLine": false,
              "name": "passwordInput",
              "onChange": [Function],
              "rows": 1,
              "type": "password",
              "underlineShow": true,
            },
            "ref": null,
            "rendered": null,
            "type": [Function],
          },
          Object {
            "instance": null,
            "key": undefined,
            "nodeType": "host",
            "props": Object {},
            "ref": null,
            "rendered": null,
            "type": "br",
          },
          Object {
            "instance": null,
            "key": undefined,
            "nodeType": "class",
            "props": Object {
              "disabled": false,
              "errorText": "",
              "floatingLabelFixed": false,
              "floatingLabelStyle": Object {
                "fontSize": "15px",
              },
              "floatingLabelText": "Confirm password",
              "fullWidth": false,
              "multiLine": false,
              "name": "confirmInput",
              "onChange": [Function],
              "rows": 1,
              "type": "password",
              "underlineShow": true,
            },
            "ref": null,
            "rendered": null,
            "type": [Function],
          },
          Object {
            "instance": null,
            "key": undefined,
            "nodeType": "host",
            "props": Object {},
            "ref": null,
            "rendered": null,
            "type": "br",
          },
          Object {
            "instance": null,
            "key": undefined,
            "nodeType": "host",
            "props": Object {},
            "ref": null,
            "rendered": null,
            "type": "br",
          },
          Object {
            "instance": null,
            "key": undefined,
            "nodeType": "host",
            "props": Object {
              "children": Array [
                <div
                  label="Home"
                  onClick={undefined}
                  style={
                    Object {
                      "alignItems": "center",
                      "backgroundColor": "#5574F7",
                      "borderRadius": "0 0 0 10px",
                      "color": "white",
                      "cursor": "pointer",
                      "display": "flex",
                      "height": "50px",
                      "justifyContent": "center",
                      "outline": "none",
                      "padding": "0 15px 0 15px",
                      "width": "49%",
                    }
                  }
                >
                  Home
                </div>,
                <div
                  label="Change password"
                  onClick={[Function]}
                  style={
                    Object {
                      "alignItems": "center",
                      "backgroundColor": "#5574F7",
                      "borderRadius": "0 0 10px 0",
                      "color": "white",
                      "cursor": "pointer",
                      "display": "flex",
                      "height": "50px",
                      "justifyContent": "center",
                      "outline": "none",
                      "padding": "0 15px 0 15px",
                      "width": "50%",
                    }
                  }
                >
                  Change password
                </div>,
              ],
              "className": "settings__button-box",
              "style": Object {
                "display": "flex",
                "flexDirection": "row",
                "width": "100%",
              },
            },
            "ref": null,
            "rendered": Array [
              Object {
                "instance": null,
                "key": undefined,
                "nodeType": "host",
                "props": Object {
                  "children": "Home",
                  "label": "Home",
                  "onClick": undefined,
                  "style": Object {
                    "alignItems": "center",
                    "backgroundColor": "#5574F7",
                    "borderRadius": "0 0 0 10px",
                    "color": "white",
                    "cursor": "pointer",
                    "display": "flex",
                    "height": "50px",
                    "justifyContent": "center",
                    "outline": "none",
                    "padding": "0 15px 0 15px",
                    "width": "49%",
                  },
                },
                "ref": null,
                "rendered": "Home",
                "type": "div",
              },
              Object {
                "instance": null,
                "key": undefined,
                "nodeType": "host",
                "props": Object {
                  "children": "Change password",
                  "label": "Change password",
                  "onClick": [Function],
                  "style": Object {
                    "alignItems": "center",
                    "backgroundColor": "#5574F7",
                    "borderRadius": "0 0 10px 0",
                    "color": "white",
                    "cursor": "pointer",
                    "display": "flex",
                    "height": "50px",
                    "justifyContent": "center",
                    "outline": "none",
                    "padding": "0 15px 0 15px",
                    "width": "50%",
                  },
                },
                "ref": null,
                "rendered": "Change password",
                "type": "div",
              },
            ],
            "type": "div",
          },
        ],
        "type": "div",
      },
      "type": "form",
    },
  ],
  Symbol(enzyme.__options__): Object {
    "adapter": ReactSixteenAdapter {
      "options": Object {
        "enableComponentDidUpdateOnSetState": true,
      },
    },
  },
}
`;
