// Jest Snapshot v1, https://goo.gl/fbAQLP

exports[`Component: UserBox renders correctly 1`] = `
ShallowWrapper {
  "length": 1,
  Symbol(enzyme.__root__): [Circular],
  Symbol(enzyme.__unrendered__): <UserBox
    user={
      Object {
        "fullName": "John Doe",
      }
    }
  />,
  Symbol(enzyme.__renderer__): Object {
    "batchedUpdates": [Function],
    "getNode": [Function],
    "render": [Function],
    "simulateEvent": [Function],
    "unmount": [Function],
  },
  Symbol(enzyme.__node__): Object {
    "instance": null,
    "key": undefined,
    "nodeType": "class",
    "props": Object {
      "children": <div
        style={
          Object {
            "alignItems": "center",
            "display": "flex",
            "flexDirection": "row",
            "height": "100%",
            "justifyContent": "flex-start",
            "padding": "30px",
            "position": "relative",
          }
        }
      >
        <div
          onClick={[Function]}
          style={
            Object {
              "cursor": "pointer",
            }
          }
        >
          <Connect(UserAvatar)
            fileName={undefined}
            fullName={undefined}
            size={60}
          />
        </div>
        <div
          onClick={[Function]}
          style={
            Object {
              "cursor": "pointer",
              "padding": "10px",
              "wordBreak": "break-word",
            }
          }
        >
          <div
            style={
              Object {
                "color": "black",
                "fontSize": "20px",
                "lineHeight": "20px",
                "marginLeft": "20px",
                "overflow": "hidden",
                "textOverflow": "ellipsis",
                "wordBreak": "break-word",
              }
            }
          >
            John Doe
          </div>
        </div>
        <div>
          <FlatButton
            disabled={false}
            fullWidth={false}
            labelPosition="after"
            labelStyle={Object {}}
            onKeyboardFocus={[Function]}
            onMouseEnter={[Function]}
            onMouseLeave={[Function]}
            onTouchStart={[Function]}
            primary={false}
            secondary={false}
          >
            Add friend
          </FlatButton>
          <FlatButton
            disabled={false}
            fullWidth={false}
            labelPosition="after"
            labelStyle={Object {}}
            onKeyboardFocus={[Function]}
            onMouseEnter={[Function]}
            onMouseLeave={[Function]}
            onTouchStart={[Function]}
            primary={false}
            secondary={false}
          >
            Cancel request
          </FlatButton>
          <FlatButton
            disabled={false}
            fullWidth={false}
            labelPosition="after"
            labelStyle={Object {}}
            onKeyboardFocus={[Function]}
            onMouseEnter={[Function]}
            onMouseLeave={[Function]}
            onTouchStart={[Function]}
            primary={false}
            secondary={false}
          >
            Approve
          </FlatButton>
          <FlatButton
            disabled={false}
            fullWidth={false}
            labelPosition="after"
            labelStyle={Object {}}
            onKeyboardFocus={[Function]}
            onMouseEnter={[Function]}
            onMouseLeave={[Function]}
            onTouchStart={[Function]}
            primary={false}
            secondary={false}
          >
            Deny
          </FlatButton>
          <FlatButton
            disabled={false}
            fullWidth={false}
            labelPosition="after"
            labelStyle={Object {}}
            onKeyboardFocus={[Function]}
            onMouseEnter={[Function]}
            onMouseLeave={[Function]}
            onTouchStart={[Function]}
            primary={false}
            secondary={false}
          >
            Unfriend
          </FlatButton>
        </div>
      </div>,
      "circle": false,
      "className": "grid-cell",
      "rounded": true,
      "style": Object {
        "height": "100px",
        "margin": "10",
        "textAlign": "center",
        "width": "100%",
      },
      "transitionEnabled": true,
      "zDepth": 1,
    },
    "ref": null,
    "rendered": Object {
      "instance": null,
      "key": undefined,
      "nodeType": "host",
      "props": Object {
        "children": Array [
          <div
            onClick={[Function]}
            style={
              Object {
                "cursor": "pointer",
              }
            }
          >
            <Connect(UserAvatar)
              fileName={undefined}
              fullName={undefined}
              size={60}
            />
          </div>,
          <div
            onClick={[Function]}
            style={
              Object {
                "cursor": "pointer",
                "padding": "10px",
                "wordBreak": "break-word",
              }
            }
          >
            <div
              style={
                Object {
                  "color": "black",
                  "fontSize": "20px",
                  "lineHeight": "20px",
                  "marginLeft": "20px",
                  "overflow": "hidden",
                  "textOverflow": "ellipsis",
                  "wordBreak": "break-word",
                }
              }
            >
              John Doe
            </div>
          </div>,
          <div>
            <FlatButton
              disabled={false}
              fullWidth={false}
              labelPosition="after"
              labelStyle={Object {}}
              onKeyboardFocus={[Function]}
              onMouseEnter={[Function]}
              onMouseLeave={[Function]}
              onTouchStart={[Function]}
              primary={false}
              secondary={false}
            >
              Add friend
            </FlatButton>
            <FlatButton
              disabled={false}
              fullWidth={false}
              labelPosition="after"
              labelStyle={Object {}}
              onKeyboardFocus={[Function]}
              onMouseEnter={[Function]}
              onMouseLeave={[Function]}
              onTouchStart={[Function]}
              primary={false}
              secondary={false}
            >
              Cancel request
            </FlatButton>
            <FlatButton
              disabled={false}
              fullWidth={false}
              labelPosition="after"
              labelStyle={Object {}}
              onKeyboardFocus={[Function]}
              onMouseEnter={[Function]}
              onMouseLeave={[Function]}
              onTouchStart={[Function]}
              primary={false}
              secondary={false}
            >
              Approve
            </FlatButton>
            <FlatButton
              disabled={false}
              fullWidth={false}
              labelPosition="after"
              labelStyle={Object {}}
              onKeyboardFocus={[Function]}
              onMouseEnter={[Function]}
              onMouseLeave={[Function]}
              onTouchStart={[Function]}
              primary={false}
              secondary={false}
            >
              Deny
            </FlatButton>
            <FlatButton
              disabled={false}
              fullWidth={false}
              labelPosition="after"
              labelStyle={Object {}}
              onKeyboardFocus={[Function]}
              onMouseEnter={[Function]}
              onMouseLeave={[Function]}
              onTouchStart={[Function]}
              primary={false}
              secondary={false}
            >
              Unfriend
            </FlatButton>
          </div>,
        ],
        "style": Object {
          "alignItems": "center",
          "display": "flex",
          "flexDirection": "row",
          "height": "100%",
          "justifyContent": "flex-start",
          "padding": "30px",
          "position": "relative",
        },
      },
      "ref": null,
      "rendered": Array [
        Object {
          "instance": null,
          "key": undefined,
          "nodeType": "host",
          "props": Object {
            "children": <Connect(UserAvatar)
              fileName={undefined}
              fullName={undefined}
              size={60}
            />,
            "onClick": [Function],
            "style": Object {
              "cursor": "pointer",
            },
          },
          "ref": null,
          "rendered": Object {
            "instance": null,
            "key": undefined,
            "nodeType": "class",
            "props": Object {
              "fileName": undefined,
              "fullName": undefined,
              "size": 60,
            },
            "ref": null,
            "rendered": null,
            "type": [Function],
          },
          "type": "div",
        },
        Object {
          "instance": null,
          "key": undefined,
          "nodeType": "host",
          "props": Object {
            "children": <div
              style={
                Object {
                  "color": "black",
                  "fontSize": "20px",
                  "lineHeight": "20px",
                  "marginLeft": "20px",
                  "overflow": "hidden",
                  "textOverflow": "ellipsis",
                  "wordBreak": "break-word",
                }
              }
            >
              John Doe
            </div>,
            "onClick": [Function],
            "style": Object {
              "cursor": "pointer",
              "padding": "10px",
              "wordBreak": "break-word",
            },
          },
          "ref": null,
          "rendered": Object {
            "instance": null,
            "key": undefined,
            "nodeType": "host",
            "props": Object {
              "children": "John Doe",
              "style": Object {
                "color": "black",
                "fontSize": "20px",
                "lineHeight": "20px",
                "marginLeft": "20px",
                "overflow": "hidden",
                "textOverflow": "ellipsis",
                "wordBreak": "break-word",
              },
            },
            "ref": null,
            "rendered": "John Doe",
            "type": "div",
          },
          "type": "div",
        },
        Object {
          "instance": null,
          "key": undefined,
          "nodeType": "host",
          "props": Object {
            "children": Array [
              <FlatButton
                disabled={false}
                fullWidth={false}
                labelPosition="after"
                labelStyle={Object {}}
                onKeyboardFocus={[Function]}
                onMouseEnter={[Function]}
                onMouseLeave={[Function]}
                onTouchStart={[Function]}
                primary={false}
                secondary={false}
              >
                Add friend
              </FlatButton>,
              <FlatButton
                disabled={false}
                fullWidth={false}
                labelPosition="after"
                labelStyle={Object {}}
                onKeyboardFocus={[Function]}
                onMouseEnter={[Function]}
                onMouseLeave={[Function]}
                onTouchStart={[Function]}
                primary={false}
                secondary={false}
              >
                Cancel request
              </FlatButton>,
              <FlatButton
                disabled={false}
                fullWidth={false}
                labelPosition="after"
                labelStyle={Object {}}
                onKeyboardFocus={[Function]}
                onMouseEnter={[Function]}
                onMouseLeave={[Function]}
                onTouchStart={[Function]}
                primary={false}
                secondary={false}
              >
                Approve
              </FlatButton>,
              <FlatButton
                disabled={false}
                fullWidth={false}
                labelPosition="after"
                labelStyle={Object {}}
                onKeyboardFocus={[Function]}
                onMouseEnter={[Function]}
                onMouseLeave={[Function]}
                onTouchStart={[Function]}
                primary={false}
                secondary={false}
              >
                Deny
              </FlatButton>,
              <FlatButton
                disabled={false}
                fullWidth={false}
                labelPosition="after"
                labelStyle={Object {}}
                onKeyboardFocus={[Function]}
                onMouseEnter={[Function]}
                onMouseLeave={[Function]}
                onTouchStart={[Function]}
                primary={false}
                secondary={false}
              >
                Unfriend
              </FlatButton>,
            ],
          },
          "ref": null,
          "rendered": Array [
            Object {
              "instance": null,
              "key": undefined,
              "nodeType": "class",
              "props": Object {
                "children": "Add friend",
                "disabled": false,
                "fullWidth": false,
                "labelPosition": "after",
                "labelStyle": Object {},
                "onKeyboardFocus": [Function],
                "onMouseEnter": [Function],
                "onMouseLeave": [Function],
                "onTouchStart": [Function],
                "primary": false,
                "secondary": false,
              },
              "ref": null,
              "rendered": "Add friend",
              "type": [Function],
            },
            Object {
              "instance": null,
              "key": undefined,
              "nodeType": "class",
              "props": Object {
                "children": "Cancel request",
                "disabled": false,
                "fullWidth": false,
                "labelPosition": "after",
                "labelStyle": Object {},
                "onKeyboardFocus": [Function],
                "onMouseEnter": [Function],
                "onMouseLeave": [Function],
                "onTouchStart": [Function],
                "primary": false,
                "secondary": false,
              },
              "ref": null,
              "rendered": "Cancel request",
              "type": [Function],
            },
            Object {
              "instance": null,
              "key": undefined,
              "nodeType": "class",
              "props": Object {
                "children": "Approve",
                "disabled": false,
                "fullWidth": false,
                "labelPosition": "after",
                "labelStyle": Object {},
                "onKeyboardFocus": [Function],
                "onMouseEnter": [Function],
                "onMouseLeave": [Function],
                "onTouchStart": [Function],
                "primary": false,
                "secondary": false,
              },
              "ref": null,
              "rendered": "Approve",
              "type": [Function],
            },
            Object {
              "instance": null,
              "key": undefined,
              "nodeType": "class",
              "props": Object {
                "children": "Deny",
                "disabled": false,
                "fullWidth": false,
                "labelPosition": "after",
                "labelStyle": Object {},
                "onKeyboardFocus": [Function],
                "onMouseEnter": [Function],
                "onMouseLeave": [Function],
                "onTouchStart": [Function],
                "primary": false,
                "secondary": false,
              },
              "ref": null,
              "rendered": "Deny",
              "type": [Function],
            },
            Object {
              "instance": null,
              "key": undefined,
              "nodeType": "class",
              "props": Object {
                "children": "Unfriend",
                "disabled": false,
                "fullWidth": false,
                "labelPosition": "after",
                "labelStyle": Object {},
                "onKeyboardFocus": [Function],
                "onMouseEnter": [Function],
                "onMouseLeave": [Function],
                "onTouchStart": [Function],
                "primary": false,
                "secondary": false,
              },
              "ref": null,
              "rendered": "Unfriend",
              "type": [Function],
            },
          ],
          "type": "div",
        },
      ],
      "type": "div",
    },
    "type": [Function],
  },
  Symbol(enzyme.__nodes__): Array [
    Object {
      "instance": null,
      "key": undefined,
      "nodeType": "class",
      "props": Object {
        "children": <div
          style={
            Object {
              "alignItems": "center",
              "display": "flex",
              "flexDirection": "row",
              "height": "100%",
              "justifyContent": "flex-start",
              "padding": "30px",
              "position": "relative",
            }
          }
        >
          <div
            onClick={[Function]}
            style={
              Object {
                "cursor": "pointer",
              }
            }
          >
            <Connect(UserAvatar)
              fileName={undefined}
              fullName={undefined}
              size={60}
            />
          </div>
          <div
            onClick={[Function]}
            style={
              Object {
                "cursor": "pointer",
                "padding": "10px",
                "wordBreak": "break-word",
              }
            }
          >
            <div
              style={
                Object {
                  "color": "black",
                  "fontSize": "20px",
                  "lineHeight": "20px",
                  "marginLeft": "20px",
                  "overflow": "hidden",
                  "textOverflow": "ellipsis",
                  "wordBreak": "break-word",
                }
              }
            >
              John Doe
            </div>
          </div>
          <div>
            <FlatButton
              disabled={false}
              fullWidth={false}
              labelPosition="after"
              labelStyle={Object {}}
              onKeyboardFocus={[Function]}
              onMouseEnter={[Function]}
              onMouseLeave={[Function]}
              onTouchStart={[Function]}
              primary={false}
              secondary={false}
            >
              Add friend
            </FlatButton>
            <FlatButton
              disabled={false}
              fullWidth={false}
              labelPosition="after"
              labelStyle={Object {}}
              onKeyboardFocus={[Function]}
              onMouseEnter={[Function]}
              onMouseLeave={[Function]}
              onTouchStart={[Function]}
              primary={false}
              secondary={false}
            >
              Cancel request
            </FlatButton>
            <FlatButton
              disabled={false}
              fullWidth={false}
              labelPosition="after"
              labelStyle={Object {}}
              onKeyboardFocus={[Function]}
              onMouseEnter={[Function]}
              onMouseLeave={[Function]}
              onTouchStart={[Function]}
              primary={false}
              secondary={false}
            >
              Approve
            </FlatButton>
            <FlatButton
              disabled={false}
              fullWidth={false}
              labelPosition="after"
              labelStyle={Object {}}
              onKeyboardFocus={[Function]}
              onMouseEnter={[Function]}
              onMouseLeave={[Function]}
              onTouchStart={[Function]}
              primary={false}
              secondary={false}
            >
              Deny
            </FlatButton>
            <FlatButton
              disabled={false}
              fullWidth={false}
              labelPosition="after"
              labelStyle={Object {}}
              onKeyboardFocus={[Function]}
              onMouseEnter={[Function]}
              onMouseLeave={[Function]}
              onTouchStart={[Function]}
              primary={false}
              secondary={false}
            >
              Unfriend
            </FlatButton>
          </div>
        </div>,
        "circle": false,
        "className": "grid-cell",
        "rounded": true,
        "style": Object {
          "height": "100px",
          "margin": "10",
          "textAlign": "center",
          "width": "100%",
        },
        "transitionEnabled": true,
        "zDepth": 1,
      },
      "ref": null,
      "rendered": Object {
        "instance": null,
        "key": undefined,
        "nodeType": "host",
        "props": Object {
          "children": Array [
            <div
              onClick={[Function]}
              style={
                Object {
                  "cursor": "pointer",
                }
              }
            >
              <Connect(UserAvatar)
                fileName={undefined}
                fullName={undefined}
                size={60}
              />
            </div>,
            <div
              onClick={[Function]}
              style={
                Object {
                  "cursor": "pointer",
                  "padding": "10px",
                  "wordBreak": "break-word",
                }
              }
            >
              <div
                style={
                  Object {
                    "color": "black",
                    "fontSize": "20px",
                    "lineHeight": "20px",
                    "marginLeft": "20px",
                    "overflow": "hidden",
                    "textOverflow": "ellipsis",
                    "wordBreak": "break-word",
                  }
                }
              >
                John Doe
              </div>
            </div>,
            <div>
              <FlatButton
                disabled={false}
                fullWidth={false}
                labelPosition="after"
                labelStyle={Object {}}
                onKeyboardFocus={[Function]}
                onMouseEnter={[Function]}
                onMouseLeave={[Function]}
                onTouchStart={[Function]}
                primary={false}
                secondary={false}
              >
                Add friend
              </FlatButton>
              <FlatButton
                disabled={false}
                fullWidth={false}
                labelPosition="after"
                labelStyle={Object {}}
                onKeyboardFocus={[Function]}
                onMouseEnter={[Function]}
                onMouseLeave={[Function]}
                onTouchStart={[Function]}
                primary={false}
                secondary={false}
              >
                Cancel request
              </FlatButton>
              <FlatButton
                disabled={false}
                fullWidth={false}
                labelPosition="after"
                labelStyle={Object {}}
                onKeyboardFocus={[Function]}
                onMouseEnter={[Function]}
                onMouseLeave={[Function]}
                onTouchStart={[Function]}
                primary={false}
                secondary={false}
              >
                Approve
              </FlatButton>
              <FlatButton
                disabled={false}
                fullWidth={false}
                labelPosition="after"
                labelStyle={Object {}}
                onKeyboardFocus={[Function]}
                onMouseEnter={[Function]}
                onMouseLeave={[Function]}
                onTouchStart={[Function]}
                primary={false}
                secondary={false}
              >
                Deny
              </FlatButton>
              <FlatButton
                disabled={false}
                fullWidth={false}
                labelPosition="after"
                labelStyle={Object {}}
                onKeyboardFocus={[Function]}
                onMouseEnter={[Function]}
                onMouseLeave={[Function]}
                onTouchStart={[Function]}
                primary={false}
                secondary={false}
              >
                Unfriend
              </FlatButton>
            </div>,
          ],
          "style": Object {
            "alignItems": "center",
            "display": "flex",
            "flexDirection": "row",
            "height": "100%",
            "justifyContent": "flex-start",
            "padding": "30px",
            "position": "relative",
          },
        },
        "ref": null,
        "rendered": Array [
          Object {
            "instance": null,
            "key": undefined,
            "nodeType": "host",
            "props": Object {
              "children": <Connect(UserAvatar)
                fileName={undefined}
                fullName={undefined}
                size={60}
              />,
              "onClick": [Function],
              "style": Object {
                "cursor": "pointer",
              },
            },
            "ref": null,
            "rendered": Object {
              "instance": null,
              "key": undefined,
              "nodeType": "class",
              "props": Object {
                "fileName": undefined,
                "fullName": undefined,
                "size": 60,
              },
              "ref": null,
              "rendered": null,
              "type": [Function],
            },
            "type": "div",
          },
          Object {
            "instance": null,
            "key": undefined,
            "nodeType": "host",
            "props": Object {
              "children": <div
                style={
                  Object {
                    "color": "black",
                    "fontSize": "20px",
                    "lineHeight": "20px",
                    "marginLeft": "20px",
                    "overflow": "hidden",
                    "textOverflow": "ellipsis",
                    "wordBreak": "break-word",
                  }
                }
              >
                John Doe
              </div>,
              "onClick": [Function],
              "style": Object {
                "cursor": "pointer",
                "padding": "10px",
                "wordBreak": "break-word",
              },
            },
            "ref": null,
            "rendered": Object {
              "instance": null,
              "key": undefined,
              "nodeType": "host",
              "props": Object {
                "children": "John Doe",
                "style": Object {
                  "color": "black",
                  "fontSize": "20px",
                  "lineHeight": "20px",
                  "marginLeft": "20px",
                  "overflow": "hidden",
                  "textOverflow": "ellipsis",
                  "wordBreak": "break-word",
                },
              },
              "ref": null,
              "rendered": "John Doe",
              "type": "div",
            },
            "type": "div",
          },
          Object {
            "instance": null,
            "key": undefined,
            "nodeType": "host",
            "props": Object {
              "children": Array [
                <FlatButton
                  disabled={false}
                  fullWidth={false}
                  labelPosition="after"
                  labelStyle={Object {}}
                  onKeyboardFocus={[Function]}
                  onMouseEnter={[Function]}
                  onMouseLeave={[Function]}
                  onTouchStart={[Function]}
                  primary={false}
                  secondary={false}
                >
                  Add friend
                </FlatButton>,
                <FlatButton
                  disabled={false}
                  fullWidth={false}
                  labelPosition="after"
                  labelStyle={Object {}}
                  onKeyboardFocus={[Function]}
                  onMouseEnter={[Function]}
                  onMouseLeave={[Function]}
                  onTouchStart={[Function]}
                  primary={false}
                  secondary={false}
                >
                  Cancel request
                </FlatButton>,
                <FlatButton
                  disabled={false}
                  fullWidth={false}
                  labelPosition="after"
                  labelStyle={Object {}}
                  onKeyboardFocus={[Function]}
                  onMouseEnter={[Function]}
                  onMouseLeave={[Function]}
                  onTouchStart={[Function]}
                  primary={false}
                  secondary={false}
                >
                  Approve
                </FlatButton>,
                <FlatButton
                  disabled={false}
                  fullWidth={false}
                  labelPosition="after"
                  labelStyle={Object {}}
                  onKeyboardFocus={[Function]}
                  onMouseEnter={[Function]}
                  onMouseLeave={[Function]}
                  onTouchStart={[Function]}
                  primary={false}
                  secondary={false}
                >
                  Deny
                </FlatButton>,
                <FlatButton
                  disabled={false}
                  fullWidth={false}
                  labelPosition="after"
                  labelStyle={Object {}}
                  onKeyboardFocus={[Function]}
                  onMouseEnter={[Function]}
                  onMouseLeave={[Function]}
                  onTouchStart={[Function]}
                  primary={false}
                  secondary={false}
                >
                  Unfriend
                </FlatButton>,
              ],
            },
            "ref": null,
            "rendered": Array [
              Object {
                "instance": null,
                "key": undefined,
                "nodeType": "class",
                "props": Object {
                  "children": "Add friend",
                  "disabled": false,
                  "fullWidth": false,
                  "labelPosition": "after",
                  "labelStyle": Object {},
                  "onKeyboardFocus": [Function],
                  "onMouseEnter": [Function],
                  "onMouseLeave": [Function],
                  "onTouchStart": [Function],
                  "primary": false,
                  "secondary": false,
                },
                "ref": null,
                "rendered": "Add friend",
                "type": [Function],
              },
              Object {
                "instance": null,
                "key": undefined,
                "nodeType": "class",
                "props": Object {
                  "children": "Cancel request",
                  "disabled": false,
                  "fullWidth": false,
                  "labelPosition": "after",
                  "labelStyle": Object {},
                  "onKeyboardFocus": [Function],
                  "onMouseEnter": [Function],
                  "onMouseLeave": [Function],
                  "onTouchStart": [Function],
                  "primary": false,
                  "secondary": false,
                },
                "ref": null,
                "rendered": "Cancel request",
                "type": [Function],
              },
              Object {
                "instance": null,
                "key": undefined,
                "nodeType": "class",
                "props": Object {
                  "children": "Approve",
                  "disabled": false,
                  "fullWidth": false,
                  "labelPosition": "after",
                  "labelStyle": Object {},
                  "onKeyboardFocus": [Function],
                  "onMouseEnter": [Function],
                  "onMouseLeave": [Function],
                  "onTouchStart": [Function],
                  "primary": false,
                  "secondary": false,
                },
                "ref": null,
                "rendered": "Approve",
                "type": [Function],
              },
              Object {
                "instance": null,
                "key": undefined,
                "nodeType": "class",
                "props": Object {
                  "children": "Deny",
                  "disabled": false,
                  "fullWidth": false,
                  "labelPosition": "after",
                  "labelStyle": Object {},
                  "onKeyboardFocus": [Function],
                  "onMouseEnter": [Function],
                  "onMouseLeave": [Function],
                  "onTouchStart": [Function],
                  "primary": false,
                  "secondary": false,
                },
                "ref": null,
                "rendered": "Deny",
                "type": [Function],
              },
              Object {
                "instance": null,
                "key": undefined,
                "nodeType": "class",
                "props": Object {
                  "children": "Unfriend",
                  "disabled": false,
                  "fullWidth": false,
                  "labelPosition": "after",
                  "labelStyle": Object {},
                  "onKeyboardFocus": [Function],
                  "onMouseEnter": [Function],
                  "onMouseLeave": [Function],
                  "onTouchStart": [Function],
                  "primary": false,
                  "secondary": false,
                },
                "ref": null,
                "rendered": "Unfriend",
                "type": [Function],
              },
            ],
            "type": "div",
          },
        ],
        "type": "div",
      },
      "type": [Function],
    },
  ],
  Symbol(enzyme.__options__): Object {
    "adapter": ReactSixteenAdapter {
      "options": Object {
        "enableComponentDidUpdateOnSetState": true,
      },
    },
  },
}
`;
