// Jest Snapshot v1, https://goo.gl/fbAQLP

exports[`Component: Notify renders correctly 1`] = `
ShallowWrapper {
  "length": 1,
  Symbol(enzyme.__root__): [Circular],
  Symbol(enzyme.__unrendered__): <Notify />,
  Symbol(enzyme.__renderer__): Object {
    "batchedUpdates": [Function],
    "getNode": [Function],
    "render": [Function],
    "simulateEvent": [Function],
    "unmount": [Function],
  },
  Symbol(enzyme.__node__): Object {
    "instance": null,
    "key": undefined,
    "nodeType": "class",
    "props": Object {
      "anchorEl": undefined,
      "anchorOrigin": Object {
        "horizontal": "left",
        "vertical": "bottom",
      },
      "animated": true,
      "autoCloseWhenOffScreen": true,
      "canAutoPosition": true,
      "children": <div
        className="container"
      >
        <div
          className="title"
        >
          Notifications
        </div>
        <div
          className="content"
        />
      </div>,
      "className": "homeHeader__notify-menu",
      "onRequestClose": [Function],
      "open": false,
      "scrollableContainer": "window",
      "style": Object {
        "overflowY": "auto",
      },
      "targetOrigin": Object {
        "horizontal": "left",
        "vertical": "top",
      },
      "useLayerForClickAway": true,
      "zDepth": 1,
    },
    "ref": null,
    "rendered": Object {
      "instance": null,
      "key": undefined,
      "nodeType": "host",
      "props": Object {
        "children": Array [
          <div
            className="title"
          >
            Notifications
          </div>,
          <div
            className="content"
          />,
        ],
        "className": "container",
      },
      "ref": null,
      "rendered": Array [
        Object {
          "instance": null,
          "key": undefined,
          "nodeType": "host",
          "props": Object {
            "children": "Notifications",
            "className": "title",
          },
          "ref": null,
          "rendered": "Notifications",
          "type": "div",
        },
        Object {
          "instance": null,
          "key": undefined,
          "nodeType": "host",
          "props": Object {
            "children": Array [],
            "className": "content",
          },
          "ref": null,
          "rendered": Array [],
          "type": "div",
        },
      ],
      "type": "div",
    },
    "type": [Function],
  },
  Symbol(enzyme.__nodes__): Array [
    Object {
      "instance": null,
      "key": undefined,
      "nodeType": "class",
      "props": Object {
        "anchorEl": undefined,
        "anchorOrigin": Object {
          "horizontal": "left",
          "vertical": "bottom",
        },
        "animated": true,
        "autoCloseWhenOffScreen": true,
        "canAutoPosition": true,
        "children": <div
          className="container"
        >
          <div
            className="title"
          >
            Notifications
          </div>
          <div
            className="content"
          />
        </div>,
        "className": "homeHeader__notify-menu",
        "onRequestClose": [Function],
        "open": false,
        "scrollableContainer": "window",
        "style": Object {
          "overflowY": "auto",
        },
        "targetOrigin": Object {
          "horizontal": "left",
          "vertical": "top",
        },
        "useLayerForClickAway": true,
        "zDepth": 1,
      },
      "ref": null,
      "rendered": Object {
        "instance": null,
        "key": undefined,
        "nodeType": "host",
        "props": Object {
          "children": Array [
            <div
              className="title"
            >
              Notifications
            </div>,
            <div
              className="content"
            />,
          ],
          "className": "container",
        },
        "ref": null,
        "rendered": Array [
          Object {
            "instance": null,
            "key": undefined,
            "nodeType": "host",
            "props": Object {
              "children": "Notifications",
              "className": "title",
            },
            "ref": null,
            "rendered": "Notifications",
            "type": "div",
          },
          Object {
            "instance": null,
            "key": undefined,
            "nodeType": "host",
            "props": Object {
              "children": Array [],
              "className": "content",
            },
            "ref": null,
            "rendered": Array [],
            "type": "div",
          },
        ],
        "type": "div",
      },
      "type": [Function],
    },
  ],
  Symbol(enzyme.__options__): Object {
    "adapter": ReactSixteenAdapter {
      "options": Object {
        "enableComponentDidUpdateOnSetState": true,
      },
    },
  },
}
`;
