// Jest Snapshot v1, https://goo.gl/fbAQLP

exports[`Component: UserAvatar renders correctly 1`] = `
ShallowWrapper {
  "length": 1,
  Symbol(enzyme.__root__): [Circular],
  Symbol(enzyme.__unrendered__): <UserAvatar />,
  Symbol(enzyme.__renderer__): Object {
    "batchedUpdates": [Function],
    "getNode": [Function],
    "render": [Function],
    "simulateEvent": [Function],
    "unmount": [Function],
  },
  Symbol(enzyme.__node__): Object {
    "instance": null,
    "key": undefined,
    "nodeType": "host",
    "props": Object {
      "children": <Avatar
        backgroundColor="rgb(0, 0, 0, 0)"
        onTouchTap={undefined}
        size={36}
        style={undefined}
      >
        <svg
          height="19"
          width="19"
          xmlns="http://www.w3.org/2000/svg"
        >
          <path
            d="M9.393 9.914a4.957 4.957 0 1 1 0-9.914 4.957 4.957 0 0 1 0 9.914zm9.413 9.012H.203c-1.344-4.034 4.233-7.21 9.19-7.21s10.745 3.2 9.413 7.21z"
            fill="rgba(255, 255, 255, 0.87)"
          />
        </svg>
      </Avatar>,
      "style": Object {
        "display": "inherit",
      },
    },
    "ref": null,
    "rendered": Object {
      "instance": null,
      "key": undefined,
      "nodeType": "class",
      "props": Object {
        "backgroundColor": "rgb(0, 0, 0, 0)",
        "children": <svg
          height="19"
          width="19"
          xmlns="http://www.w3.org/2000/svg"
        >
          <path
            d="M9.393 9.914a4.957 4.957 0 1 1 0-9.914 4.957 4.957 0 0 1 0 9.914zm9.413 9.012H.203c-1.344-4.034 4.233-7.21 9.19-7.21s10.745 3.2 9.413 7.21z"
            fill="rgba(255, 255, 255, 0.87)"
          />
        </svg>,
        "onTouchTap": undefined,
        "size": 36,
        "style": undefined,
      },
      "ref": null,
      "rendered": Object {
        "instance": null,
        "key": undefined,
        "nodeType": "host",
        "props": Object {
          "children": <path
            d="M9.393 9.914a4.957 4.957 0 1 1 0-9.914 4.957 4.957 0 0 1 0 9.914zm9.413 9.012H.203c-1.344-4.034 4.233-7.21 9.19-7.21s10.745 3.2 9.413 7.21z"
            fill="rgba(255, 255, 255, 0.87)"
          />,
          "height": "19",
          "width": "19",
          "xmlns": "http://www.w3.org/2000/svg",
        },
        "ref": null,
        "rendered": Object {
          "instance": null,
          "key": undefined,
          "nodeType": "host",
          "props": Object {
            "d": "M9.393 9.914a4.957 4.957 0 1 1 0-9.914 4.957 4.957 0 0 1 0 9.914zm9.413 9.012H.203c-1.344-4.034 4.233-7.21 9.19-7.21s10.745 3.2 9.413 7.21z",
            "fill": "rgba(255, 255, 255, 0.87)",
          },
          "ref": null,
          "rendered": null,
          "type": "path",
        },
        "type": "svg",
      },
      "type": [Function],
    },
    "type": "div",
  },
  Symbol(enzyme.__nodes__): Array [
    Object {
      "instance": null,
      "key": undefined,
      "nodeType": "host",
      "props": Object {
        "children": <Avatar
          backgroundColor="rgb(0, 0, 0, 0)"
          onTouchTap={undefined}
          size={36}
          style={undefined}
        >
          <svg
            height="19"
            width="19"
            xmlns="http://www.w3.org/2000/svg"
          >
            <path
              d="M9.393 9.914a4.957 4.957 0 1 1 0-9.914 4.957 4.957 0 0 1 0 9.914zm9.413 9.012H.203c-1.344-4.034 4.233-7.21 9.19-7.21s10.745 3.2 9.413 7.21z"
              fill="rgba(255, 255, 255, 0.87)"
            />
          </svg>
        </Avatar>,
        "style": Object {
          "display": "inherit",
        },
      },
      "ref": null,
      "rendered": Object {
        "instance": null,
        "key": undefined,
        "nodeType": "class",
        "props": Object {
          "backgroundColor": "rgb(0, 0, 0, 0)",
          "children": <svg
            height="19"
            width="19"
            xmlns="http://www.w3.org/2000/svg"
          >
            <path
              d="M9.393 9.914a4.957 4.957 0 1 1 0-9.914 4.957 4.957 0 0 1 0 9.914zm9.413 9.012H.203c-1.344-4.034 4.233-7.21 9.19-7.21s10.745 3.2 9.413 7.21z"
              fill="rgba(255, 255, 255, 0.87)"
            />
          </svg>,
          "onTouchTap": undefined,
          "size": 36,
          "style": undefined,
        },
        "ref": null,
        "rendered": Object {
          "instance": null,
          "key": undefined,
          "nodeType": "host",
          "props": Object {
            "children": <path
              d="M9.393 9.914a4.957 4.957 0 1 1 0-9.914 4.957 4.957 0 0 1 0 9.914zm9.413 9.012H.203c-1.344-4.034 4.233-7.21 9.19-7.21s10.745 3.2 9.413 7.21z"
              fill="rgba(255, 255, 255, 0.87)"
            />,
            "height": "19",
            "width": "19",
            "xmlns": "http://www.w3.org/2000/svg",
          },
          "ref": null,
          "rendered": Object {
            "instance": null,
            "key": undefined,
            "nodeType": "host",
            "props": Object {
              "d": "M9.393 9.914a4.957 4.957 0 1 1 0-9.914 4.957 4.957 0 0 1 0 9.914zm9.413 9.012H.203c-1.344-4.034 4.233-7.21 9.19-7.21s10.745 3.2 9.413 7.21z",
              "fill": "rgba(255, 255, 255, 0.87)",
            },
            "ref": null,
            "rendered": null,
            "type": "path",
          },
          "type": "svg",
        },
        "type": [Function],
      },
      "type": "div",
    },
  ],
  Symbol(enzyme.__options__): Object {
    "adapter": ReactSixteenAdapter {
      "options": Object {
        "enableComponentDidUpdateOnSetState": true,
      },
    },
  },
}
`;
